// Jest Snapshot v1, https://goo.gl/fbAQLP

exports[`[ButtonGroup] renders without crashing 1`] = `
<View
  style={
    Object {
      "alignItems": "center",
      "alignSelf": "stretch",
      "backgroundColor": "transparent",
      "borderColor": "black",
      "flexDirection": "row",
      "justifyContent": "center",
      "marginTop": 24,
      "minHeight": 40,
    }
  }
>
  <View
    accessible={true}
    focusable={true}
    onClick={[Function]}
    onResponderGrant={[Function]}
    onResponderMove={[Function]}
    onResponderRelease={[Function]}
    onResponderTerminate={[Function]}
    onResponderTerminationRequest={[Function]}
    onStartShouldSetResponder={[Function]}
    style={
      Object {
        "flex": 1,
        "opacity": 1,
      }
    }
    testID="CHILD_0"
  >
    <View
      style={
        Object {
          "alignItems": "center",
          "alignSelf": "stretch",
          "backgroundColor": "black",
          "borderBottomLeftRadius": 0,
          "borderBottomWidth": 1,
          "borderColor": "black",
          "borderLeftWidth": 1,
          "borderTopLeftRadius": 0,
          "borderTopWidth": 1,
          "justifyContent": "center",
          "minHeight": 40,
        }
      }
    >
      <Text
        style={
          Array [
            Object {
              "alignSelf": "center",
              "fontSize": 14,
              "textAlign": "center",
            },
            Object {
              "color": "white",
            },
          ]
        }
      >
        option 1
      </Text>
    </View>
  </View>
  <View
    accessible={true}
    focusable={true}
    onClick={[Function]}
    onResponderGrant={[Function]}
    onResponderMove={[Function]}
    onResponderRelease={[Function]}
    onResponderTerminate={[Function]}
    onResponderTerminationRequest={[Function]}
    onStartShouldSetResponder={[Function]}
    style={
      Object {
        "flex": 1,
        "opacity": 1,
      }
    }
    testID="CHILD_1"
  >
    <View
      style={
        Object {
          "alignItems": "center",
          "alignSelf": "stretch",
          "borderBottomRightRadius": 0,
          "borderBottomWidth": 1,
          "borderColor": "black",
          "borderLeftWidth": 1,
          "borderRightWidth": 1,
          "borderTopRightRadius": 0,
          "borderTopWidth": 1,
          "justifyContent": "center",
          "minHeight": 40,
        }
      }
    >
      <Text
        style={
          Array [
            Object {
              "alignSelf": "center",
              "fontSize": 14,
              "textAlign": "center",
            },
            Object {
              "color": "black",
            },
          ]
        }
      >
        option 2
      </Text>
    </View>
  </View>
</View>
`;
