// Jest Snapshot v1, https://goo.gl/fbAQLP

exports[`[NetworkImage] render should render without crashing 1`] = `
<View
  style={
    [
      {
        "alignItems": "center",
        "justifyContent": "center",
      },
      undefined,
    ]
  }
>
  <Image
    resizeMethod="resize"
    resizeMode="cover"
    source={
      {
        "canInstrument": true,
        "createTransformer": [Function],
        "getCacheKey": [Function],
        "process": [Function],
      }
    }
    style={
      [
        {
          "aspectRatio": 1.4864864864864864,
          "height": "auto",
          "maxHeight": "50%",
          "width": "50%",
        },
      ]
    }
  />
</View>
`;
