// Jest Snapshot v1, https://goo.gl/fbAQLP

exports[`Snackbar should render test component 1`] = `
<View
  style={
    Object {
      "alignItems": "center",
      "alignSelf": "stretch",
      "flex": 1,
      "flexDirection": "column",
      "justifyContent": "center",
    }
  }
>
  <View
    accessibilityState={
      Object {
        "disabled": false,
      }
    }
    accessible={true}
    collapsable={false}
    focusable={true}
    onClick={[Function]}
    onResponderGrant={[Function]}
    onResponderMove={[Function]}
    onResponderRelease={[Function]}
    onResponderTerminate={[Function]}
    onResponderTerminationRequest={[Function]}
    onStartShouldSetResponder={[Function]}
    style={
      Object {
        "margin": 20,
        "opacity": 1,
      }
    }
    testID="button"
  >
    <View
      onLayout={[Function]}
      outlined={false}
      style={
        Array [
          Object {
            "backgroundColor": "black",
            "borderBottomColor": "black",
            "borderLeftColor": "black",
            "borderRightColor": "black",
            "borderTopColor": "black",
          },
          Array [
            Object {
              "alignItems": "center",
              "alignSelf": "stretch",
              "borderBottomLeftRadius": 20,
              "borderBottomRightRadius": 20,
              "borderTopLeftRadius": 20,
              "borderTopRightRadius": 20,
              "flexDirection": "row",
              "justifyContent": "center",
              "paddingBottom": 10,
              "paddingLeft": 20,
              "paddingRight": 20,
              "paddingTop": 10,
            },
            Array [
              undefined,
              false,
              undefined,
            ],
          ],
        ]
      }
      testID="button-container"
      type="primary"
    >
      <Text
        outlined={false}
        style={
          Array [
            Object {
              "color": "white",
            },
            Array [
              undefined,
              undefined,
            ],
          ]
        }
        type="primary"
      >
        Open Snackbar - default
      </Text>
    </View>
  </View>
  <View
    accessibilityState={
      Object {
        "disabled": false,
      }
    }
    accessible={true}
    collapsable={false}
    focusable={true}
    onClick={[Function]}
    onResponderGrant={[Function]}
    onResponderMove={[Function]}
    onResponderRelease={[Function]}
    onResponderTerminate={[Function]}
    onResponderTerminationRequest={[Function]}
    onStartShouldSetResponder={[Function]}
    style={
      Object {
        "margin": 20,
        "opacity": 1,
      }
    }
    testID="button-danger"
  >
    <View
      onLayout={[Function]}
      outlined={false}
      style={
        Array [
          Object {
            "backgroundColor": "black",
            "borderBottomColor": "black",
            "borderLeftColor": "black",
            "borderRightColor": "black",
            "borderTopColor": "black",
          },
          Array [
            Object {
              "alignItems": "center",
              "alignSelf": "stretch",
              "borderBottomLeftRadius": 20,
              "borderBottomRightRadius": 20,
              "borderTopLeftRadius": 20,
              "borderTopRightRadius": 20,
              "flexDirection": "row",
              "justifyContent": "center",
              "paddingBottom": 10,
              "paddingLeft": 20,
              "paddingRight": 20,
              "paddingTop": 10,
            },
            Array [
              undefined,
              false,
              undefined,
            ],
          ],
        ]
      }
      testID="button-container"
      type="primary"
    >
      <Text
        outlined={false}
        style={
          Array [
            Object {
              "color": "white",
            },
            Array [
              undefined,
              undefined,
            ],
          ]
        }
        type="primary"
      >
        Open Snackbar - default
      </Text>
    </View>
  </View>
  <View
    accessibilityState={
      Object {
        "disabled": false,
      }
    }
    accessible={true}
    collapsable={false}
    focusable={true}
    onClick={[Function]}
    onResponderGrant={[Function]}
    onResponderMove={[Function]}
    onResponderRelease={[Function]}
    onResponderTerminate={[Function]}
    onResponderTerminationRequest={[Function]}
    onStartShouldSetResponder={[Function]}
    style={
      Object {
        "margin": 20,
        "opacity": 1,
      }
    }
    testID="button-info"
  >
    <View
      onLayout={[Function]}
      outlined={false}
      style={
        Array [
          Object {
            "backgroundColor": "black",
            "borderBottomColor": "black",
            "borderLeftColor": "black",
            "borderRightColor": "black",
            "borderTopColor": "black",
          },
          Array [
            Object {
              "alignItems": "center",
              "alignSelf": "stretch",
              "borderBottomLeftRadius": 20,
              "borderBottomRightRadius": 20,
              "borderTopLeftRadius": 20,
              "borderTopRightRadius": 20,
              "flexDirection": "row",
              "justifyContent": "center",
              "paddingBottom": 10,
              "paddingLeft": 20,
              "paddingRight": 20,
              "paddingTop": 10,
            },
            Array [
              undefined,
              false,
              undefined,
            ],
          ],
        ]
      }
      testID="button-container"
      type="primary"
    >
      <Text
        outlined={false}
        style={
          Array [
            Object {
              "color": "white",
            },
            Array [
              undefined,
              undefined,
            ],
          ]
        }
        type="primary"
      >
        Open Snackbar - default
      </Text>
    </View>
  </View>
</View>
`;
